// Jest Snapshot v1, https://goo.gl/fbAQLP

exports[`TabTwoScreen match snapshot 1`] = `
<View
  style={
    Array [
      Object {
        "backgroundColor": "#fff",
        "borderColor": "#2f95dc",
      },
      Object {
        "flex": 1,
      },
    ]
  }
>
  <RCTScrollView
    ListEmptyComponent={[Function]}
    contentContainerStyle={
      Object {
        "flexGrow": 1,
      }
    }
    data={Array []}
    getItem={[Function]}
    getItemCount={[Function]}
    keyExtractor={[Function]}
    onContentSizeChange={[Function]}
    onLayout={[Function]}
    onMomentumScrollBegin={[Function]}
    onMomentumScrollEnd={[Function]}
    onScroll={[Function]}
    onScrollBeginDrag={[Function]}
    onScrollEndDrag={[Function]}
    removeClippedSubviews={false}
    renderItem={[Function]}
    scrollEventThrottle={50}
    stickyHeaderIndices={Array []}
    viewabilityConfigCallbackPairs={Array []}
  >
    <View>
      <View
        style={
          Array [
            Object {
              "backgroundColor": "#fff",
              "borderColor": "#2f95dc",
            },
            Object {
              "alignItems": "center",
              "flex": 1,
              "justifyContent": "center",
            },
          ]
        }
        testID="empty_container"
      >
        <Text
          style={
            Array [
              Object {
                "color": "#000",
              },
              Object {
                "fontSize": 45,
                "fontWeight": "700",
              },
            ]
          }
        >
          Booking List is Empty
        </Text>
      </View>
    </View>
  </RCTScrollView>
</View>
`;
